// Vitest Snapshot v1, https://vitest.dev/guide/snapshot.html

exports[`Makes > should render the section with title and count 1`] = `
<div>
  <section
    class="flex flex-col gap-6"
  >
    <div
      class="flex items-center justify-between"
    >
      <div
        class="flex items-center gap-4"
      >
        <h2
          class="font-semibold text-foreground text-lg"
        >
          Test Makes
        </h2>
        <span
          class="chip chip--accent chip--sm chip--tertiary"
          data-slot="chip"
        >
          <span
            class="chip__label"
            data-slot="chip-label"
          >
            4
          </span>
        </span>
      </div>
    </div>
    <div
      class="relative flex items-center gap-2"
    >
      <button
        aria-label="Scroll left"
        class="button button--icon-only button--sm button--secondary"
        data-rac=""
        data-react-aria-pressable="true"
        data-slot="button"
        id="react-aria-_r_0_"
        tabindex="0"
        type="button"
      >
        <svg
          class="lucide lucide-chevron-left size-4"
          fill="none"
          height="24"
          stroke="currentColor"
          stroke-linecap="round"
          stroke-linejoin="round"
          stroke-width="2"
          viewBox="0 0 24 24"
          width="24"
          xmlns="http://www.w3.org/2000/svg"
        >
          <path
            d="m15 18-6-6 6-6"
          />
        </svg>
      </button>
      <div
        class="scrollbar-hide flex flex-1 gap-1 overflow-x-auto scroll-smooth"
      >
        <button
          class="button button--sm button--primary shrink-0"
          data-rac=""
          data-react-aria-pressable="true"
          data-slot="button"
          id="react-aria-_r_2_"
          tabindex="0"
          type="button"
        >
          ALL
        </button>
        <button
          class="button button--sm button--tertiary shrink-0"
          data-rac=""
          data-react-aria-pressable="true"
          data-slot="button"
          id="react-aria-_r_4_"
          tabindex="0"
          type="button"
        >
          A
        </button>
        <button
          class="button button--sm button--tertiary shrink-0"
          data-rac=""
          data-react-aria-pressable="true"
          data-slot="button"
          id="react-aria-_r_6_"
          tabindex="0"
          type="button"
        >
          B
        </button>
        <button
          class="button button--sm button--tertiary shrink-0"
          data-rac=""
          data-react-aria-pressable="true"
          data-slot="button"
          id="react-aria-_r_8_"
          tabindex="0"
          type="button"
        >
          M
        </button>
        <button
          class="button button--sm button--tertiary shrink-0"
          data-rac=""
          data-react-aria-pressable="true"
          data-slot="button"
          id="react-aria-_r_a_"
          tabindex="0"
          type="button"
        >
          P
        </button>
      </div>
      <button
        aria-label="Scroll right"
        class="button button--icon-only button--sm button--secondary"
        data-rac=""
        data-react-aria-pressable="true"
        data-slot="button"
        id="react-aria-_r_c_"
        tabindex="0"
        type="button"
      >
        <svg
          class="lucide lucide-chevron-right size-4"
          fill="none"
          height="24"
          stroke="currentColor"
          stroke-linecap="round"
          stroke-linejoin="round"
          stroke-width="2"
          viewBox="0 0 24 24"
          width="24"
          xmlns="http://www.w3.org/2000/svg"
        >
          <path
            d="m9 18 6-6-6-6"
          />
        </svg>
      </button>
    </div>
    <div
      class="flex flex-col gap-4"
    >
      <div
        class="flex items-center gap-2"
      >
        <span
          class="font-medium text-foreground"
        >
          ALL
        </span>
        <span
          class="text-default-400"
        >
          ·
        </span>
        <span
          class="text-default-500 text-sm"
        >
          4
           
          makes
        </span>
      </div>
      <div
        class="grid grid-cols-2 gap-2 sm:grid-cols-3 md:grid-cols-4 lg:grid-cols-5 xl:grid-cols-6"
      >
        <a
          class="block"
          href="/cars/makes/audi"
        >
          <div
            class="card card--default p-3 transition-all duration-300 hover:-translate-y-1 hover:shadow-lg"
            data-slot="card"
          >
            <div
              class="card__content"
              data-slot="card-content"
            >
              <div
                class="flex flex-col gap-2"
              >
                <div
                  class="flex items-start gap-2"
                >
                  <div
                    class="flex size-16 shrink-0 items-center justify-center"
                  >
                    <span
                      class="avatar avatar--md size-full bg-primary"
                    >
                      <span
                        class="avatar__fallback avatar__fallback--default text-lg font-semibold text-primary-foreground"
                        data-slot="avatar-fallback"
                      >
                        A
                      </span>
                    </span>
                  </div>
                  <div
                    class="flex min-w-0 flex-col gap-2"
                  >
                    <span
                      class="font-medium text-foreground text-sm leading-none truncate"
                    >
                      AUDI
                    </span>
                  </div>
                </div>
              </div>
            </div>
          </div>
        </a>
        <a
          class="block"
          href="/cars/makes/bmw"
        >
          <div
            class="card card--default p-3 transition-all duration-300 hover:-translate-y-1 hover:shadow-lg"
            data-slot="card"
          >
            <div
              class="card__content"
              data-slot="card-content"
            >
              <div
                class="flex flex-col gap-2"
              >
                <div
                  class="flex items-start gap-2"
                >
                  <div
                    class="flex size-16 shrink-0 items-center justify-center"
                  >
                    <span
                      class="avatar avatar--md size-full bg-primary"
                    >
                      <span
                        class="avatar__fallback avatar__fallback--default text-lg font-semibold text-primary-foreground"
                        data-slot="avatar-fallback"
                      >
                        B
                      </span>
                    </span>
                  </div>
                  <div
                    class="flex min-w-0 flex-col gap-2"
                  >
                    <span
                      class="font-medium text-foreground text-sm leading-none truncate"
                    >
                      BMW
                    </span>
                  </div>
                </div>
              </div>
            </div>
          </div>
        </a>
        <a
          class="block"
          href="/cars/makes/mercedes-benz"
        >
          <div
            class="card card--default p-3 transition-all duration-300 hover:-translate-y-1 hover:shadow-lg"
            data-slot="card"
          >
            <div
              class="card__content"
              data-slot="card-content"
            >
              <div
                class="flex flex-col gap-2"
              >
                <div
                  class="flex items-start gap-2"
                >
                  <div
                    class="flex size-16 shrink-0 items-center justify-center"
                  >
                    <span
                      class="avatar avatar--md size-full bg-primary"
                    >
                      <span
                        class="avatar__fallback avatar__fallback--default text-lg font-semibold text-primary-foreground"
                        data-slot="avatar-fallback"
                      >
                        M
                      </span>
                    </span>
                  </div>
                  <div
                    class="flex min-w-0 flex-col gap-2"
                  >
                    <span
                      class="font-medium text-foreground text-sm leading-none truncate"
                    >
                      MERCEDES BENZ
                    </span>
                  </div>
                </div>
              </div>
            </div>
          </div>
        </a>
        <a
          class="block"
          href="/cars/makes/porsche"
        >
          <div
            class="card card--default p-3 transition-all duration-300 hover:-translate-y-1 hover:shadow-lg"
            data-slot="card"
          >
            <div
              class="card__content"
              data-slot="card-content"
            >
              <div
                class="flex flex-col gap-2"
              >
                <div
                  class="flex items-start gap-2"
                >
                  <div
                    class="flex size-16 shrink-0 items-center justify-center"
                  >
                    <span
                      class="avatar avatar--md size-full bg-primary"
                    >
                      <span
                        class="avatar__fallback avatar__fallback--default text-lg font-semibold text-primary-foreground"
                        data-slot="avatar-fallback"
                      >
                        P
                      </span>
                    </span>
                  </div>
                  <div
                    class="flex min-w-0 flex-col gap-2"
                  >
                    <span
                      class="font-medium text-foreground text-sm leading-none truncate"
                    >
                      PORSCHE
                    </span>
                  </div>
                </div>
              </div>
            </div>
          </div>
        </a>
      </div>
    </div>
  </section>
</div>
`;
