// Vitest Snapshot v1, https://vitest.dev/guide/snapshot.html

exports[`MakeGrid > should render all makes in grid layout 1`] = `
<div>
  <div
    class="grid grid-cols-2 gap-2 sm:grid-cols-3 md:grid-cols-4 lg:grid-cols-5 xl:grid-cols-6"
  >
    <a
      class="block"
      href="/cars/makes/audi"
    >
      <div
        class="card card--default p-3 transition-all duration-300 hover:-translate-y-1 hover:shadow-lg"
        data-slot="card"
      >
        <div
          class="card__content"
          data-slot="card-content"
        >
          <div
            class="flex flex-col gap-2"
          >
            <div
              class="flex items-start gap-2"
            >
              <div
                class="flex size-16 shrink-0 items-center justify-center"
              >
                <span
                  class="avatar avatar--md size-full bg-primary"
                >
                  <span
                    class="avatar__fallback avatar__fallback--default text-lg font-semibold text-primary-foreground"
                    data-slot="avatar-fallback"
                  >
                    A
                  </span>
                </span>
              </div>
              <div
                class="flex min-w-0 flex-col gap-2"
              >
                <span
                  class="font-medium text-foreground text-sm leading-none truncate"
                >
                  AUDI
                </span>
              </div>
            </div>
          </div>
        </div>
      </div>
    </a>
    <a
      class="block"
      href="/cars/makes/bmw"
    >
      <div
        class="card card--default p-3 transition-all duration-300 hover:-translate-y-1 hover:shadow-lg"
        data-slot="card"
      >
        <div
          class="card__content"
          data-slot="card-content"
        >
          <div
            class="flex flex-col gap-2"
          >
            <div
              class="flex items-start gap-2"
            >
              <div
                class="flex size-16 shrink-0 items-center justify-center"
              >
                <span
                  class="avatar avatar--md size-full bg-primary"
                >
                  <span
                    class="avatar__fallback avatar__fallback--default text-lg font-semibold text-primary-foreground"
                    data-slot="avatar-fallback"
                  >
                    B
                  </span>
                </span>
              </div>
              <div
                class="flex min-w-0 flex-col gap-2"
              >
                <span
                  class="font-medium text-foreground text-sm leading-none truncate"
                >
                  BMW
                </span>
              </div>
            </div>
          </div>
        </div>
      </div>
    </a>
    <a
      class="block"
      href="/cars/makes/mercedes-benz"
    >
      <div
        class="card card--default p-3 transition-all duration-300 hover:-translate-y-1 hover:shadow-lg"
        data-slot="card"
      >
        <div
          class="card__content"
          data-slot="card-content"
        >
          <div
            class="flex flex-col gap-2"
          >
            <div
              class="flex items-start gap-2"
            >
              <div
                class="flex size-16 shrink-0 items-center justify-center"
              >
                <span
                  class="avatar avatar--md size-full bg-primary"
                >
                  <span
                    class="avatar__fallback avatar__fallback--default text-lg font-semibold text-primary-foreground"
                    data-slot="avatar-fallback"
                  >
                    M
                  </span>
                </span>
              </div>
              <div
                class="flex min-w-0 flex-col gap-2"
              >
                <span
                  class="font-medium text-foreground text-sm leading-none truncate"
                >
                  MERCEDES BENZ
                </span>
              </div>
            </div>
          </div>
        </div>
      </div>
    </a>
    <a
      class="block"
      href="/cars/makes/volkswagen"
    >
      <div
        class="card card--default p-3 transition-all duration-300 hover:-translate-y-1 hover:shadow-lg"
        data-slot="card"
      >
        <div
          class="card__content"
          data-slot="card-content"
        >
          <div
            class="flex flex-col gap-2"
          >
            <div
              class="flex items-start gap-2"
            >
              <div
                class="flex size-16 shrink-0 items-center justify-center"
              >
                <span
                  class="avatar avatar--md size-full bg-primary"
                >
                  <span
                    class="avatar__fallback avatar__fallback--default text-lg font-semibold text-primary-foreground"
                    data-slot="avatar-fallback"
                  >
                    V
                  </span>
                </span>
              </div>
              <div
                class="flex min-w-0 flex-col gap-2"
              >
                <span
                  class="font-medium text-foreground text-sm leading-none truncate"
                >
                  VOLKSWAGEN
                </span>
              </div>
            </div>
          </div>
        </div>
      </div>
    </a>
  </div>
</div>
`;
