// Vitest Snapshot v1, https://vitest.dev/guide/snapshot.html

exports[`MakeCard > should render the make name 1`] = `
<div>
  <a
    class="block"
    href="/cars/makes/bmw"
  >
    <div
      class="card card--default p-3 transition-all duration-300 hover:-translate-y-1 hover:shadow-lg"
      data-slot="card"
    >
      <div
        class="card__content"
        data-slot="card-content"
      >
        <div
          class="flex flex-col gap-2"
        >
          <div
            class="flex items-start gap-2"
          >
            <div
              class="flex size-16 shrink-0 items-center justify-center"
            >
              <img
                alt="BMW logo"
                class="size-full object-contain"
                data-nimg="1"
                decoding="async"
                height="512"
                loading="lazy"
                src="/_next/image?url=https%3A%2F%2Fblob.vercel-storage.com%2Flogos%2Fbmw.png&w=1080&q=75"
                srcset="/_next/image?url=https%3A%2F%2Fblob.vercel-storage.com%2Flogos%2Fbmw.png&w=640&q=75 1x, /_next/image?url=https%3A%2F%2Fblob.vercel-storage.com%2Flogos%2Fbmw.png&w=1080&q=75 2x"
                style="color: transparent;"
                width="512"
              />
            </div>
            <div
              class="flex min-w-0 flex-col gap-2"
            >
              <span
                class="font-medium text-foreground text-sm leading-none truncate"
              >
                BMW
              </span>
            </div>
          </div>
        </div>
      </div>
    </div>
  </a>
</div>
`;
