// Vitest Snapshot v1, https://vitest.dev/guide/snapshot.html

exports[`Chart shared helpers > should format currency tooltip content with matching colour indicator 1`] = `
<div>
  <div>
    <div
      class="size-2.5 shrink-0 rounded-[2px] bg-(--colour-bg)"
      style="--colour-bg: var(--chart-1);"
    />
    COE Premium
    <div
      class="ml-auto flex items-baseline gap-1 font-medium text-foreground tabular-nums"
    >
      $123,456
    </div>
  </div>
</div>
`;
