// Vitest Snapshot v1, https://vitest.dev/guide/snapshot.html

exports[`ChartWidget > should render title and children when not empty 1`] = `
<div>
  <div
    data-testid="motion-wrapper"
  >
    <div
      class="card card--default rounded-2xl p-3"
      data-slot="card"
    >
      <div
        class="card__header"
        data-slot="card-header"
      >
        <div
          class="flex flex-col gap-1"
        >
          <h4
            class="scroll-m-20 font-medium text-default-900 text-xl tracking-tight"
          >
            Test Chart
          </h4>
        </div>
      </div>
      <div
        class="card__content"
        data-slot="card-content"
      >
        <div>
          Chart content
        </div>
      </div>
    </div>
  </div>
</div>
`;
