// Vitest Snapshot v1, https://vitest.dev/guide/snapshot.html

exports[`ComingSoon > should render ComingSoon label 1`] = `
<div>
  <div
    class="pointer-events-none relative inline-block rounded-sm"
  >
    <span>
      Trends
    </span>
    <span
      class="chip chip--accent chip--sm chip--tertiary absolute top-0 left-0 translate-x-1/2 -translate-y-1/2 rotate-3 transform text-nowrap"
      data-slot="chip"
    >
      <span
        class="chip__label"
        data-slot="chip-label"
      >
        Coming Soon
      </span>
    </span>
  </div>
</div>
`;
