// Vitest Snapshot v1, https://vitest.dev/guide/snapshot.html

exports[`Footer > should render the shell footer with navigation and version information 1`] = `
<div>
  <footer
    class="mt-auto flex flex-wrap items-center gap-x-7 gap-y-4 border-separator border-t pt-6"
  >
    <a
      aria-label="MotorMetrics home"
      class="flex items-center gap-3 text-foreground"
      href="/"
    >
      <svg
        aria-hidden="true"
        fill="none"
        height="20"
        viewBox="0 0 64 64"
        width="20"
      >
        <path
          d="M8 50 V30 a12 12 0 0 1 24 0 V50"
          stroke="currentColor"
          stroke-linecap="round"
          stroke-linejoin="round"
          stroke-width="8"
        />
        <path
          d="M32 50 V30 a12 12 0 0 1 24 0 V50"
          stroke="var(--accent)"
          stroke-linecap="round"
          stroke-linejoin="round"
          stroke-width="8"
        />
      </svg>
      <span
        class="font-extrabold tracking-[-0.03em] text-[15px]"
        style="color: currentcolor;"
      >
        motor
        <span
          style="color: var(--accent);"
        >
          metrics
        </span>
      </span>
    </a>
    <nav
      aria-label="Footer navigation"
    >
      <ul
        class="flex flex-wrap items-center gap-5"
      >
        <li>
          <a
            class="font-semibold text-muted text-sm transition-colors hover:text-accent-strong"
            href="/about"
          >
            About
          </a>
        </li>
        <li>
          <a
            class="font-semibold text-muted text-sm transition-colors hover:text-accent-strong"
            href="/learn"
          >
            Learn
          </a>
        </li>
        <li>
          <a
            class="font-semibold text-muted text-sm transition-colors hover:text-accent-strong"
            href="/contact"
          >
            Contact
          </a>
        </li>
        <li>
          <a
            class="font-semibold text-muted text-sm transition-colors hover:text-accent-strong"
            href="/legal/privacy-policy"
          >
            Privacy
          </a>
        </li>
        <li>
          <a
            class="font-semibold text-muted text-sm transition-colors hover:text-accent-strong"
            href="/legal/terms-of-service"
          >
            Terms
          </a>
        </li>
      </ul>
    </nav>
    <p
      class="typography typography--align-start typography--color-muted typography--body-xs ml-auto"
      data-slot="typography"
      data-type="body-xs"
    >
      © 
      2026
       
      MotorMetrics
       · Data provided by
       
      <a
        class="transition-colors hover:text-accent-strong"
        href="https://datamall.lta.gov.sg"
        rel="noopener noreferrer"
        target="_blank"
      >
        LTA DataMall
      </a>
       
      · v
      0.0.0-test
    </p>
  </footer>
</div>
`;
