// Vitest Snapshot v1, https://vitest.dev/guide/snapshot.html

exports[`MetricsComparison > should indicate positive growth 1`] = `
<div>
  <div
    class="flex items-center gap-2"
  >
    <span
      class="chip chip--success chip--tertiary"
      data-slot="chip"
    >
      <svg
        class="lucide lucide-arrow-up-right size-4"
        fill="none"
        height="24"
        stroke="currentColor"
        stroke-linecap="round"
        stroke-linejoin="round"
        stroke-width="2"
        viewBox="0 0 24 24"
        width="24"
        xmlns="http://www.w3.org/2000/svg"
      >
        <path
          d="M7 7h10v10"
        />
        <path
          d="M7 17 17 7"
        />
      </svg>
      10%
    </span>
    <span
      class="text-muted-foreground text-sm"
    >
      vs last month
    </span>
  </div>
</div>
`;
