// Vitest Snapshot v1, https://vitest.dev/guide/snapshot.html

exports[`PremiumBanner > should populate the global banner with sorted categories and clean up on unmount 1`] = `
<div>
  <div
    class="flex items-center justify-center gap-4"
  >
    <div
      class="flex items-center gap-2"
    >
      <div
        class="font-semibold text-sm"
      >
        Category A
      </div>
      <span
        class="chip chip--default chip--secondary"
        data-slot="chip"
      >
        <span
          class="chip__label"
          data-slot="chip-label"
        >
          $40,000
        </span>
      </span>
    </div>
    <div
      class="flex items-center gap-2"
    >
      <div
        class="font-semibold text-sm"
      >
        Category B
      </div>
      <span
        class="chip chip--default chip--secondary"
        data-slot="chip"
      >
        <span
          class="chip__label"
          data-slot="chip-label"
        >
          $42,000
        </span>
      </span>
    </div>
  </div>
</div>
`;
