// Vitest Snapshot v1, https://vitest.dev/guide/snapshot.html

exports[`RecentPosts > should render title and view all link 1`] = `
<div>
  <div
    class="flex flex-col relative overflow-hidden h-auto text-foreground box-border bg-content1 outline-solid outline-transparent data-[focus-visible=true]:z-10 data-[focus-visible=true]:outline-2 data-[focus-visible=true]:outline-focus data-[focus-visible=true]:outline-offset-2 shadow-medium rounded-large transition-transform-background motion-reduce:transition-none"
    tabindex="-1"
  >
    <div
      class="relative flex w-full flex-auto flex-col place-content-inherit align-items-inherit h-auto break-words text-left overflow-y-auto subpixel-antialiased p-6"
    >
      <div
        class="mb-5 flex items-center justify-between"
      >
        <h3
          class="scroll-m-20 font-medium text-2xl text-foreground tracking-tight"
        >
          Recent Posts
        </h3>
        <a
          aria-label="View all blog posts"
          href="/blog"
        >
          <button
            class="z-0 group relative inline-flex items-center justify-center box-border appearance-none select-none whitespace-nowrap font-normal subpixel-antialiased overflow-hidden tap-highlight-transparent transform-gpu data-[pressed=true]:scale-[0.97] cursor-pointer outline-solid outline-transparent data-[focus-visible=true]:z-10 data-[focus-visible=true]:outline-2 data-[focus-visible=true]:outline-focus data-[focus-visible=true]:outline-offset-2 text-small gap-2 rounded-full px-0 !gap-0 transition-transform-colors-opacity motion-reduce:transition-none bg-default/40 text-default-700 min-w-10 w-10 h-10 data-[hover=true]:opacity-hover"
            data-react-aria-pressable="true"
            tabindex="-1"
            type="button"
          >
            <svg
              class="lucide lucide-arrow-up-right size-6"
              fill="none"
              height="24"
              stroke="currentColor"
              stroke-linecap="round"
              stroke-linejoin="round"
              stroke-width="2"
              viewBox="0 0 24 24"
              width="24"
              xmlns="http://www.w3.org/2000/svg"
            >
              <path
                d="M7 7h10v10"
              />
              <path
                d="M7 17 17 7"
              />
            </svg>
          </button>
        </a>
      </div>
      <div
        class="grid grid-cols-1 gap-4 lg:grid-cols-3"
      >
        <article
          data-testid="post-card-post-1"
        >
          <a
            href="/blog/first-post"
          >
            First Post
          </a>
          <span
            data-testid="post-date-post-1"
          >
            15 Jan 2024
          </span>
        </article>
        <article
          data-testid="post-card-post-2"
        >
          <a
            href="/blog/second-post"
          >
            Second Post
          </a>
          <span
            data-testid="post-date-post-2"
          >
            20 Feb 2024
          </span>
        </article>
      </div>
    </div>
  </div>
</div>
`;
