// Vitest Snapshot v1, https://vitest.dev/guide/snapshot.html

exports[`StructuredData > should inject JSON-LD script 1`] = `
<div>
  <script
    id="structured-data"
    type="application/ld+json"
  >
    {"@context":"https://schema.org","@type":"Organization","name":"MotorMetrics"}
  </script>
</div>
`;
