// Vitest Snapshot v1, https://vitest.dev/guide/snapshot.html

exports[`NewChip > should render with default props 1`] = `
<div>
  <span
    class="chip chip--accent chip--sm chip--secondary"
    data-slot="chip"
  >
    <span
      class="chip__label"
      data-slot="chip-label"
    >
      New
    </span>
  </span>
</div>
`;
