// Vitest Snapshot v1, https://vitest.dev/guide/snapshot.html

exports[`MonthSelector > should render with months array 1`] = `
<div>
  <template />
  <div
    class="combo-box"
    data-rac=""
    data-slot="combo-box"
  >
    <label
      class="label sr-only"
      data-slot="label"
      for="react-aria-_r_4_"
      id="react-aria-_r_5_"
    >
      Month
    </label>
    <div
      class="combo-box__input-group"
      data-slot="combo-box-input-group"
    >
      <svg
        class="lucide lucide-calendar size-4 text-default-400"
        fill="none"
        height="24"
        stroke="currentColor"
        stroke-linecap="round"
        stroke-linejoin="round"
        stroke-width="2"
        viewBox="0 0 24 24"
        width="24"
        xmlns="http://www.w3.org/2000/svg"
      >
        <path
          d="M8 2v4"
        />
        <path
          d="M16 2v4"
        />
        <rect
          height="18"
          rx="2"
          width="18"
          x="3"
          y="4"
        />
        <path
          d="M3 10h18"
        />
      </svg>
      <input
        aria-autocomplete="list"
        aria-expanded="false"
        aria-labelledby="react-aria-_r_5_"
        autocomplete="off"
        autocorrect="off"
        class="input input--primary"
        data-rac=""
        data-slot="input"
        id="react-aria-_r_4_"
        placeholder="Select Month"
        role="combobox"
        spellcheck="false"
        tabindex="0"
        title=""
        type="text"
        value=""
      />
      <button
        aria-expanded="false"
        aria-haspopup="listbox"
        aria-label="Show suggestions"
        aria-labelledby="react-aria-_r_0_ react-aria-_r_5_"
        class="combo-box__trigger"
        data-rac=""
        data-react-aria-pressable="true"
        data-slot="combo-box-trigger"
        id="react-aria-_r_0_"
        tabindex="-1"
        type="button"
      >
        <svg
          aria-hidden="true"
          aria-label="Chevron down icon"
          data-slot="combo-box-trigger-default-icon"
          fill="none"
          height="16"
          role="presentation"
          viewBox="0 0 16 16"
          width="16"
          xmlns="http://www.w3.org/2000/svg"
        >
          <path
            clip-rule="evenodd"
            d="M2.97 5.47a.75.75 0 0 1 1.06 0L8 9.44l3.97-3.97a.75.75 0 1 1 1.06 1.06l-4.5 4.5a.75.75 0 0 1-1.06 0l-4.5-4.5a.75.75 0 0 1 0-1.06"
            fill="currentColor"
            fill-rule="evenodd"
          />
        </svg>
      </button>
    </div>
  </div>
</div>
`;
